MPLINK 5.08, LINKER
Linker Map File - Created Tue Aug 28 16:03:02 2018

                                 Section Info
                  Section       Type    Address   Location Size(Bytes)
                ---------  ---------  ---------  ---------  ---------
                   .org_0       code   0x000000    program   0x000002
                   .cinit    romdata   0x000001    program   0x000004
                   .org_1       code   0x000005    program   0x00001c



                              Program Memory Usage 
                               Start         End      
                           ---------   ---------      
                            0x000000    0x000002      
                            0x000005    0x000012      
            17 out of 1094 program addresses used, program memory utilization is 1%



                              Symbols - Sorted by Name
                     Name    Address   Location    Storage File                     
                ---------  ---------  ---------  --------- ---------                
                   Apagar   0x00000d    program     static C:\Users\mynor\MPLABXProjects\Hola_Mundo.X\hola_mundo.asm
                 Bascular   0x000009    program     static C:\Users\mynor\MPLABXProjects\Hola_Mundo.X\hola_mundo.asm
                   Inicio   0x000005    program     static C:\Users\mynor\MPLABXProjects\Hola_Mundo.X\hola_mundo.asm
                  Retardo   0x00000e    program     static C:\Users\mynor\MPLABXProjects\Hola_Mundo.X\hola_mundo.asm



                              Symbols - Sorted by Address
                     Name    Address   Location    Storage File                     
                ---------  ---------  ---------  --------- ---------                
                   Inicio   0x000005    program     static C:\Users\mynor\MPLABXProjects\Hola_Mundo.X\hola_mundo.asm
                 Bascular   0x000009    program     static C:\Users\mynor\MPLABXProjects\Hola_Mundo.X\hola_mundo.asm
                   Apagar   0x00000d    program     static C:\Users\mynor\MPLABXProjects\Hola_Mundo.X\hola_mundo.asm
                  Retardo   0x00000e    program     static C:\Users\mynor\MPLABXProjects\Hola_Mundo.X\hola_mundo.asm


